# probe started at 1781594094 endpoint=http://localhost:8080/checkout/health
1781594094 pass 45
1781594096 pass 33
1781594098 pass 35
1781594100 pass 34
1781594102 fail 200 535
1781594105 fail 200 536
1781594107 fail 200 535
1781594110 fail 200 534
1781594113 pass 35
1781594115 fail 503 31
1781594117 fail 503 37
1781594119 fail 503 31
1781594121 pass 33
1781594123 pass 33
1781594125 pass 33
1781594127 fail 503 30
1781594129 fail 503 31
1781594131 fail 503 30
1781594133 fail 503 30
1781594135 pass 33
1781594137 pass 41
1781594139 pass 284
1781594141 pass 285
1781594144 pass 284
1781594146 pass 33
1781594148 pass 34
1781594150 fail 503 34
1781594152 fail 503 31
1781594154 fail 503 40
1781594156 fail 503 31
1781594158 pass 33
1781594160 pass 33
1781594162 fail 503 34
1781594164 fail 503 33
1781594166 fail 503 38
1781594168 pass 34
1781594170 pass 33
1781594172 pass 33
1781594174 pass 35
1781594176 pass 33
1781594178 pass 34
1781594180 pass 34
1781594182 pass 33
1781594185 fail 503 13
1781594187 fail 503 14
1781594189 fail 503 14
1781594191 fail 503 14
1781594193 pass 36
1781594195 pass 35
1781594197 fail 000000 2029
1781594201 fail 000000 2032
1781594205 pass 33
1781594207 pass 33
1781594209 pass 34
1781594211 pass 32
1781594213 fail 503 21
1781594215 pass 33
1781594217 pass 33
1781594219 pass 33
1781594221 pass 34
1781594223 pass 36
1781594225 pass 33
1781594227 pass 34
